(* Begin sourcing "./prelude/standard_prelude.bon"... *)
(* Begin sourcing "./prelude/printing.bon"... *)
^: String -> String -> String
toString: a -> String
print: a -> Unit
println: a -> Unit
(* Finished sourcing "./prelude/printing.bon" *)
(* Begin sourcing "./prelude/imperatives_core.bon"... *)
forall: Int -> Int -> (Int -> a) -> Unit
iter: (all a.a -> Unit) -> b -> Unit
clone: a -> a
(* Finished sourcing "./prelude/imperatives_core.bon" *)
(* Begin sourcing "./prelude/structure_poly.bon"... *)
Pair: a -> b -> a * b
fromTuple: a -> String
it: Unit
fst: a * b -> a
snd: a * b -> b
Inl: a -> a + b
Inr: b -> a + b
Evr: a -> Konstant a b
Ths: a -> Identity a
ParamPair: a b -> c b -> ParamProduct a c b
Ok: a b -> Okay a b
Nest: a (b c) -> Nested a b c
Tag: (a -> b) -> a c -> Represent a b c
deconstruct: a b -> (all c.Represent c a b -> d) -> d
reconstruct: Represent a b c -> b c
map: (a -> b) -> c a -> c b
Nil: List a
Cons: a -> List a -> List a
toString: b -> String
toString: c -> String
Some: a -> Maybe a
None: Maybe a
foldleft: (a -> b -> a) -> a -> c b -> a
foldright: (a -> b -> b) -> c a -> b -> b
zipwith: (a * b -> c) -> d a * e b -> d c
(* Finished sourcing "./prelude/structure_poly.bon" *)
(* Begin sourcing "./prelude/datum2generic.bon"... *)
&&: Bool -> Bool -> Bool
not: Bool -> Bool
||: Bool -> Bool -> Bool
equal: a * b -> Bool
==: a -> a -> Bool
!=: a -> a -> Bool
plus: a * b -> a
+: a -> a -> a
shortplus: a * b -> a
minus: a * b -> a
-: a -> a -> a
times: a * b -> a
*: a -> a -> a
divide: a * b -> a
/: a -> a -> a
negate: a -> a
lessthan: a * b -> Bool
<: a -> a -> Bool
lessthanorequal: a * b -> Bool
<=: a -> a -> Bool
greaterthan: a * b -> Bool
>: a -> a -> Bool
greaterthanorequal: a * b -> Bool
>=: a -> a -> Bool
(* Finished sourcing "./prelude/datum2generic.bon" *)
(* Begin sourcing "./prelude/dynamic2static.bon"... *)
dynamic_case_for_internal_use_only = ...
(* Finished sourcing "./prelude/dynamic2static.bon" *)
(* Begin sourcing "./prelude/queries.bon"... *)
apply2all: (all a.a -> a) -> b -> b
append: List a -> List a -> List a
some_append: Maybe a -> List a -> List a
select: (all a.a -> Maybe b) -> c -> List b
is: lin a -> b -> Maybe a
(* Finished sourcing "./prelude/queries.bon" *)
(* Finished sourcing "./prelude/standard_prelude.bon" *)
(* Begin sourcing "./imperative_tests.bon"... *)
it: Bool
it = True
it: Bool
it = True
it: Bool
it = True
it: Bool
it = True
it: Bool
it = True
it: Bool
it = True
it: Bool
it = True
it: Unit
ait: Unit
'a'it: String
it = "'a'"
it: Char
it = 'a'
it: Unit
abcit: Unit
"abc"it: String
it = ""abc""
it: String
it = "abc"
it: Unit

it: Unit
ait: Unit
At present, newlines and other whitespace
are only accessible as characters.
To change this, modify the lexer for strings.
it: ref Int
it: Bool
it = True
it: Bool
it = True
it: Unit
321
it: Unit
54321it: Unit
545it: Unit
544it: Unit
it: Unit
Here are the numbers from 20 to 0:
20,19,18,17,16,15,14,13,12,11,10,9,8,7,6,5,4,3,2,1,0
factorial: Int -> Int
it: Bool
it = True
it: Unit
0123factorial2: Int -> Int
it: Bool
it = True
it: ref a
it: Bool
it = True
it: Bool
it = True
xs: array Float
xs = ...
it: Bool
it = True
it: Bool
it = True
it: Bool
it = True
it: array a
it = _array
it: Bool
it = True
doubleAny: a -> Unit
it: Bool
it = True
it: Unit
it: Bool
it = True
it: Bool
it = True
ys: array Float
ys = ...
it: Bool
it = True
ys: array Float
ys = ...
it: Bool
it = True
ys: array Float
ys = ...
it: Bool
it = True
ys: array Float
ys = ...
it: Bool
it = True
it: Bool
it = True
it: Bool
it = True
it: Bool
it = True
it: Bool
it = True
it: array Float
it = ...
it: Float
it = 4.4
bigfloat: Float -> a -> Maybe Float
it: Bool
it = True
it: Bool
it = True
it: Bool
it = True
it: Bool
it = True
it: Bool
it = True
it: Bool
it = True
it: ref Int * ref Int
it = (...,...)
it: Bool
it = True
it: Bool
it = True
(* Finished sourcing "./imperative_tests.bon" *)